[debug] > Exec(sbtStashOnFailure, None, None)
[debug] > Exec(sbtMapExec 7 __e98194b6-46ba-491b-a478-1b7757270e1e, None, None)
[debug] > Exec(bspScalaTestClasses file:/workspaces/hands-on-introduction-scala-4413550/#root/Test file:/workspaces/hands-on-introduction-scala-4413550/#root-build file:/workspaces/hands-on-introduction-scala-4413550/#root/Compile, Some(__e98194b6-46ba-491b-a478-1b7757270e1e), Some(CommandSource(network-2)))
[debug] jsonRpcNotify: JsonRpcNotificationMessage(2.0, build/logMessage, {"type":4,"message":"Processing buildTarget/scalaTestClasses"})
[debug] Evaluating tasks: bspScalaTestClasses
[debug] Running task... Cancel: Signal, check cycles: false, forcegc: true
[warn] buildTarget/scalaTestClasses is a no-op for build.sbt targets: [BuildTargetIdentifier(file:/workspaces/hands-on-introduction-scala-4413550/#root-build)]
[debug] jsonRpcNotify: JsonRpcNotificationMessage(2.0, build/taskStart, {"taskId":{"id":"8","parents":[]},"eventTime":1784903837676,"message":"Compiling root","dataKind":"compile-task","data":{"target":{"uri":"file:/workspaces/hands-on-introduction-scala-4413550/#root/Compile"}}})
[debug] jsonRpcNotify: JsonRpcNotificationMessage(2.0, build/taskStart, {"taskId":{"id":"8","parents":[]},"eventTime":1784903837676,"message":"Compiling root","dataKind":"compile-task","data":{"target":{"uri":"file:/workspaces/hands-on-introduction-scala-4413550/#root/Compile"}}})
[debug] jsonRpcNotify: JsonRpcNotificationMessage(2.0, build/taskFinish, {"taskId":{"id":"8","parents":[]},"eventTime":1784903837700,"message":"Compiled root","status":1,"dataKind":"compile-report","data":{"target":{"uri":"file:/workspaces/hands-on-introduction-scala-4413550/#root/Compile"},"errors":0,"warnings":0,"time":24}})
[debug] jsonRpcNotify: JsonRpcNotificationMessage(2.0, build/taskFinish, {"taskId":{"id":"8","parents":[]},"eventTime":1784903837700,"message":"Compiled root","status":1,"dataKind":"compile-report","data":{"target":{"uri":"file:/workspaces/hands-on-introduction-scala-4413550/#root/Compile"},"errors":0,"warnings":0,"time":24}})
[debug] jsonRpcNotify: JsonRpcNotificationMessage(2.0, build/taskStart, {"taskId":{"id":"9","parents":[]},"eventTime":1784903837723,"message":"Compiling root-test","dataKind":"compile-task","data":{"target":{"uri":"file:/workspaces/hands-on-introduction-scala-4413550/#root/Test"}}})
[debug] jsonRpcNotify: JsonRpcNotificationMessage(2.0, build/taskStart, {"taskId":{"id":"9","parents":[]},"eventTime":1784903837723,"message":"Compiling root-test","dataKind":"compile-task","data":{"target":{"uri":"file:/workspaces/hands-on-introduction-scala-4413550/#root/Test"}}})
[debug] jsonRpcNotify: JsonRpcNotificationMessage(2.0, build/taskFinish, {"taskId":{"id":"9","parents":[]},"eventTime":1784903837744,"message":"Compiled root-test","status":1,"dataKind":"compile-report","data":{"target":{"uri":"file:/workspaces/hands-on-introduction-scala-4413550/#root/Test"},"errors":0,"warnings":0,"time":21}})
[debug] jsonRpcNotify: JsonRpcNotificationMessage(2.0, build/taskFinish, {"taskId":{"id":"9","parents":[]},"eventTime":1784903837744,"message":"Compiled root-test","status":1,"dataKind":"compile-report","data":{"target":{"uri":"file:/workspaces/hands-on-introduction-scala-4413550/#root/Test"},"errors":0,"warnings":0,"time":21}})
[success] Total time: 0 s, completed Jul 24, 2026, 2:37:17 PM
[debug] > Exec(sbtCompleteExec 7, None, None)
[debug] > Exec(resumeFromFailure, None, None)
[debug] > Exec(sbtPopOnFailure, None, None)
[debug] > Exec(sbtReportResult 7, Some(7), Some(CommandSource(network-2)))
[debug] unmatched Processing event for requestId Some(7): None
[debug] unmatched json response for requestId Some(7): {"status":"Done","channelName":"network-2","execId":"7","commandQueue":["shell"],"exitCode":0}
[debug] > Exec(shell, None, None)
